skdfsjhkfsadlsjaf
